(---------------------------------------------------------------------)
(                                                                     )
(    Allegro Netrev Import Logic                                      )
(                                                                     )
(    Drawing          : ti_foc_motor.brd                              )
(    Software Version : 16.6S008                                      )
(    Date/Time        : Thu Jan 04 21:25:05 2018                      )
(                                                                     )
(---------------------------------------------------------------------)


------ Directives ------

RIPUP_ETCH FALSE;
RIPUP_DELETE_FIRST_SEGMENT FALSE;
RIPUP_RETAIN_BONDWIRE FALSE;
RIPUP_SYMBOLS ALWAYS;
Missing symbol has error FALSE;
SCHEMATIC_DIRECTORY 'G:/Geek/Projects/remote_car/PCB';
BOARD_DIRECTORY '';
OLD_BOARD_NAME 'G:/Geek/Projects/remote_car/PCB/ti_foc_motor.brd';
NEW_BOARD_NAME 'G:/Geek/Projects/remote_car/PCB/ti_foc_motor.brd';

CmdLine: netrev -$ -i G:/Geek/Projects/remote_car/PCB -y 1 G:/Geek/Projects/remote_car/PCB/#Taaaaad06924.tmp

------ Preparing to read pst files ------

Starting to read G:/Geek/Projects/remote_car/PCB/pstchip.dat 
   Finished reading G:/Geek/Projects/remote_car/PCB/pstchip.dat (00:00:00.06)
Starting to read G:/Geek/Projects/remote_car/PCB/pstxprt.dat 
   Finished reading G:/Geek/Projects/remote_car/PCB/pstxprt.dat (00:00:00.00)
Starting to read G:/Geek/Projects/remote_car/PCB/pstxnet.dat 
   Finished reading G:/Geek/Projects/remote_car/PCB/pstxnet.dat (00:00:00.00)

------ Oversights/Warnings/Errors ------


------ Library Paths ------
MODULEPATH =  . 
           D:/Cadence/SPB_16.6/share/local/pcb/modules 
           G:/Cadence/Package_Symbol/ 
           G:/Cadence/PADs/ 

PSMPATH =  . 
           symbols 
           .. 
           ../symbols 
           D:/Cadence/SPB_16.6/share/local/pcb/symbols 
           D:/Cadence/SPB_16.6/share/pcb/pcb_lib/symbols 
           D:/Cadence/SPB_16.6/share/pcb/allegrolib/symbols 
           G:/Cadence/Package_Symbol/ 
           G:/Cadence/PADs/ 
           G:/CADENCE/Shape/ 

PADPATH =  . 
           symbols 
           .. 
           ../symbols 
           D:/Cadence/SPB_16.6/share/local/pcb/padstacks 
           D:/Cadence/SPB_16.6/share/pcb/pcb_lib/symbols 
           D:/Cadence/SPB_16.6/share/pcb/allegrolib/symbols 
           G:/Cadence/PADs/ 
           G:/Cadence/Package_Symbol/ 


------ Summary Statistics ------


netrev run on Jan 4 21:25:05 2018
   DESIGN NAME : 'MOTOR_TI_FOC'
   PACKAGING ON Mar 11 2013 16:26:28

   COMPILE 'logic'
   CHECK_PIN_NAMES OFF
   CROSS_REFERENCE OFF
   FEEDBACK OFF
   INCREMENTAL OFF
   INTERFACE_TYPE PHYSICAL
   MAX_ERRORS 500
   MERGE_MINIMUM 5
   NET_NAME_CHARS '#%&()*+-./:=>?@[]^_`|'
   NET_NAME_LENGTH 24
   OVERSIGHTS ON
   REPLACE_CHECK OFF
   SINGLE_NODE_NETS ON
   SPLIT_MINIMUM 0
   SUPPRESS   20
   WARNINGS ON

 No error detected
 No oversight detected
 No warning detected

cpu time      0:00:44
elapsed time  0:00:00

